[
	{
		"action": "read",
		"filename": "src/pages/Search/index.js",
		"data": "export default class SearchPage extends Component {\n     static get title() {\n         return __('Search');\n     }\n\n    static get template() {\n         return '<div>{{__n('%s result', '%s results', 2)}}</div>';\n\n    }\n};"
	},
	{
		"action": "read",
		"filename": "src/pages/About/index.js",
		"data": "export default class AboutPage extends Component {\n     static get title() {\n         return __('About');\n     }\n\n    static get template() {\n         return <div>Welcome to the about page!</div>';\n\n    }\n};"
	},
	{
		"action": "read",
		"filename": "src/index.js",
		"data": "export default class Application extends Component {\n     static get title() {\n         return __('Application');\n     }\n};"
	},
	{
		"action": "read",
		"filename": "./locales/new.json",
		"data": null
	},
	{
		"action": "write",
		"filename": "./locales/new.json",
		"data": "{\n    // NEW\n    // src/pages/About/index.js:2\n    \"About\": \"\",\n    // NEW\n    // src/index.js:2\n    \"Application\": \"\",\n    // NEW\n    // src/pages/Search/index.js:2\n    \"Search\": \"\"\n}"
	},
	{
		"action": "read",
		"filename": "src/pages/Search/.locales/new.json",
		"data": null
	},
	{
		"action": "write",
		"filename": "src/pages/Search/.locales/new.json",
		"data": "{}"
	},
	{
		"action": "read",
		"filename": "src/pages/About/.locales/new.json",
		"data": null
	},
	{
		"action": "write",
		"filename": "src/pages/About/.locales/new.json",
		"data": "{}"
	}
]
